// Jest Snapshot v1, https://goo.gl/fbAQLP

exports[`renders correctly 1`] = `
<View
  style={
    Array [
      Object {
        "backgroundColor": "#fff",
        "flex": 1,
        "height": 1334,
      },
      Object {
        "backgroundColor": "#f7fbff",
      },
    ]
  }
  testID="ACCOUNT_SCREEN"
>
  <View>
    <RCTSafeAreaView
      emulateUnlessSupported={true}
      style={
        Object {
          "backgroundColor": "#0d2036",
        }
      }
    >
      <View
        noShadow={true}
        style={
          Array [
            Object {
              "backgroundColor": "transparent",
              "borderBottomColor": "transparent",
              "borderBottomWidth": 0.5,
              "elevation": 0,
              "flexDirection": "row",
              "height": 64,
              "justifyContent": "center",
              "left": 0,
              "paddingLeft": 6,
              "paddingRight": 10,
              "paddingTop": undefined,
              "right": 0,
              "shadowColor": null,
              "shadowOffset": null,
              "shadowOpacity": null,
              "shadowRadius": null,
              "top": 0,
            },
            Object {
              "alignItems": "center",
              "backgroundColor": "#0d2036",
              "flexDirection": "column",
              "justifyContent": "center",
            },
          ]
        }
        transparent={true}
      >
        <Text
          ellipsizeMode="tail"
          numberOfLines={0}
          style={
            Array [
              Object {
                "color": "#000",
                "fontFamily": "System",
                "fontSize": 16,
              },
              Object {
                "fontFamily": "Heavitas",
                "fontSize": 30,
                "textAlign": "left",
              },
              Array [
                Object {
                  "fontSize": 14,
                },
                Object {
                  "color": "#fff",
                },
                false,
              ],
            ]
          }
        >
          Gegevens
        </Text>
      </View>
    </RCTSafeAreaView>
  </View>
  <RCTScrollView
    contentContainerStyle={
      Object {
        "backgroundColor": "#f7fbff",
        "marginTop": 12,
      }
    }
    data={
      Array [
        Object {
          "image": Object {
            "testUri": "../../../src/assets/export.png",
          },
          "route": "ExportData",
          "testID": "EXPORT_DATA_BUTTON",
          "title": "Exporteer gegevens",
        },
        Object {
          "image": Object {
            "testUri": "../../../src/assets/privacy.png",
          },
          "route": "ViewPrivacy",
          "testID": "VIEW_PRIVACY_BUTTON",
          "title": "Privacy",
        },
        Object {
          "image": Object {
            "testUri": "../../../src/assets/trashcan.png",
          },
          "route": "DeleteData",
          "testID": "DELETE_DATA_BLOCK_BUTTON",
          "title": "Verwijder gegevens",
        },
      ]
    }
    disableVirtualization={false}
    getItem={[Function]}
    getItemCount={[Function]}
    horizontal={false}
    initialNumToRender={10}
    keyExtractor={[Function]}
    maxToRenderPerBatch={10}
    onContentSizeChange={[Function]}
    onEndReachedThreshold={2}
    onLayout={[Function]}
    onMomentumScrollEnd={[Function]}
    onScroll={[Function]}
    onScrollBeginDrag={[Function]}
    onScrollEndDrag={[Function]}
    removeClippedSubviews={false}
    renderItem={[Function]}
    scrollEventThrottle={50}
    stickyHeaderIndices={Array []}
    updateCellsBatchingPeriod={50}
    viewabilityConfigCallbackPairs={Array []}
    windowSize={21}
  >
    <View>
      <View
        onLayout={[Function]}
        style={null}
      >
        <View
          style={
            Array [
              Object {
                "flexDirection": "row",
              },
              Object {
                "justifyContent": "space-between",
                "paddingHorizontal": 25,
                "paddingVertical": 10,
              },
            ]
          }
        >
          <View
            accessible={true}
            focusable={true}
            onClick={[Function]}
            onResponderGrant={[Function]}
            onResponderMove={[Function]}
            onResponderRelease={[Function]}
            onResponderTerminate={[Function]}
            onResponderTerminationRequest={[Function]}
            onStartShouldSetResponder={[Function]}
            style={
              Object {
                "alignItems": "center",
                "backgroundColor": "#fff",
                "borderRadius": 10,
                "elevation": 1,
                "justifyContent": "center",
                "opacity": 1,
                "padding": 20,
                "shadowColor": "#000",
                "shadowOffset": Object {
                  "height": 1,
                  "width": 0,
                },
                "shadowOpacity": 0.18,
                "shadowRadius": 1,
                "width": "45%",
              }
            }
            testID="EXPORT_DATA_BUTTON"
          >
            <Image
              source={
                Object {
                  "testUri": "../../../src/assets/export.png",
                }
              }
              style={
                Object {
                  "marginBottom": 20,
                  "maxHeight": 40,
                  "maxWidth": 40,
                }
              }
            />
            <Text
              ellipsizeMode="tail"
              numberOfLines={0}
              style={
                Array [
                  Object {
                    "color": "#000",
                    "fontFamily": "System",
                    "fontSize": 16,
                  },
                  Object {
                    "fontFamily": "Heavitas",
                    "fontSize": 30,
                    "textAlign": "left",
                  },
                  Object {
                    "fontSize": 14,
                    "textAlign": "center",
                  },
                ]
              }
            >
              Exporteer gegevens
            </Text>
          </View>
          <View
            accessible={true}
            focusable={true}
            onClick={[Function]}
            onResponderGrant={[Function]}
            onResponderMove={[Function]}
            onResponderRelease={[Function]}
            onResponderTerminate={[Function]}
            onResponderTerminationRequest={[Function]}
            onStartShouldSetResponder={[Function]}
            style={
              Object {
                "alignItems": "center",
                "backgroundColor": "#fff",
                "borderRadius": 10,
                "elevation": 1,
                "justifyContent": "center",
                "opacity": 1,
                "padding": 20,
                "shadowColor": "#000",
                "shadowOffset": Object {
                  "height": 1,
                  "width": 0,
                },
                "shadowOpacity": 0.18,
                "shadowRadius": 1,
                "width": "45%",
              }
            }
            testID="VIEW_PRIVACY_BUTTON"
          >
            <Image
              source={
                Object {
                  "testUri": "../../../src/assets/privacy.png",
                }
              }
              style={
                Object {
                  "marginBottom": 20,
                  "maxHeight": 40,
                  "maxWidth": 40,
                }
              }
            />
            <Text
              ellipsizeMode="tail"
              numberOfLines={0}
              style={
                Array [
                  Object {
                    "color": "#000",
                    "fontFamily": "System",
                    "fontSize": 16,
                  },
                  Object {
                    "fontFamily": "Heavitas",
                    "fontSize": 30,
                    "textAlign": "left",
                  },
                  Object {
                    "fontSize": 14,
                    "textAlign": "center",
                  },
                ]
              }
            >
              Privacy
            </Text>
          </View>
        </View>
      </View>
      <View
        onLayout={[Function]}
        style={null}
      >
        <View
          style={
            Array [
              Object {
                "flexDirection": "row",
              },
              Object {
                "justifyContent": "space-between",
                "paddingHorizontal": 25,
                "paddingVertical": 10,
              },
            ]
          }
        >
          <View
            accessible={true}
            focusable={true}
            onClick={[Function]}
            onResponderGrant={[Function]}
            onResponderMove={[Function]}
            onResponderRelease={[Function]}
            onResponderTerminate={[Function]}
            onResponderTerminationRequest={[Function]}
            onStartShouldSetResponder={[Function]}
            style={
              Object {
                "alignItems": "center",
                "backgroundColor": "#fff",
                "borderRadius": 10,
                "elevation": 1,
                "justifyContent": "center",
                "opacity": 1,
                "padding": 20,
                "shadowColor": "#000",
                "shadowOffset": Object {
                  "height": 1,
                  "width": 0,
                },
                "shadowOpacity": 0.18,
                "shadowRadius": 1,
                "width": "45%",
              }
            }
            testID="DELETE_DATA_BLOCK_BUTTON"
          >
            <Image
              source={
                Object {
                  "testUri": "../../../src/assets/trashcan.png",
                }
              }
              style={
                Object {
                  "marginBottom": 20,
                  "maxHeight": 40,
                  "maxWidth": 40,
                }
              }
            />
            <Text
              ellipsizeMode="tail"
              numberOfLines={0}
              style={
                Array [
                  Object {
                    "color": "#000",
                    "fontFamily": "System",
                    "fontSize": 16,
                  },
                  Object {
                    "fontFamily": "Heavitas",
                    "fontSize": 30,
                    "textAlign": "left",
                  },
                  Object {
                    "fontSize": 14,
                    "textAlign": "center",
                  },
                ]
              }
            >
              Verwijder gegevens
            </Text>
          </View>
        </View>
      </View>
    </View>
  </RCTScrollView>
</View>
`;
