// Jest Snapshot v1, https://goo.gl/fbAQLP

exports[`renders correctly 1`] = `
<View
  style={
    Array [
      Object {
        "backgroundColor": "#fff",
        "flex": 1,
      },
      undefined,
    ]
  }
>
  <RCTSafeAreaView
    emulateUnlessSupported={true}
    style={
      Array [
        Object {
          "flex": 0,
        },
        Object {
          "backgroundColor": "#0d2036",
        },
      ]
    }
  />
  <View
    style={
      Object {
        "alignItems": "center",
        "backgroundColor": "#0d2036",
        "flexDirection": "row",
        "justifyContent": "center",
        "minHeight": 56,
        "position": "relative",
      }
    }
  >
    <View
      style={
        Object {
          "left": 5,
          "position": "absolute",
        }
      }
    >
      <View
        accessible={true}
        collapsable={false}
        focusable={true}
        nativeID="animatedComponent"
        onClick={[Function]}
        onResponderGrant={[Function]}
        onResponderMove={[Function]}
        onResponderRelease={[Function]}
        onResponderTerminate={[Function]}
        onResponderTerminationRequest={[Function]}
        onStartShouldSetResponder={[Function]}
        style={
          Object {
            "opacity": 1,
          }
        }
        testID="HEADER_BACK_BUTTON"
      >
        <RNSVGSvgView
          bbHeight={24}
          bbWidth={24}
          fill="none"
          focusable={false}
          height={24}
          style={
            Array [
              Object {
                "backgroundColor": "transparent",
                "borderWidth": 0,
              },
              Object {
                "flex": 0,
                "height": 24,
                "width": 24,
              },
            ]
          }
          width={24}
          xmlns="http://www.w3.org/2000/svg"
        >
          <RNSVGGroup
            fill={null}
            propList={
              Array [
                "fill",
              ]
            }
          >
            <RNSVGPath
              clipRule={0}
              d="M19.7 11H7.5l5.6-5.6L11.7 4l-8 8 8 8 1.4-1.4L7.5 13h12.2v-2Z"
              fill={4294967295}
              fillRule={0}
              propList={
                Array [
                  "fill",
                  "fillRule",
                ]
              }
            />
          </RNSVGGroup>
        </RNSVGSvgView>
      </View>
    </View>
    <Text
      ellipsizeMode="tail"
      numberOfLines={0}
      selectable={false}
      style={
        Array [
          Object {
            "color": "#000",
            "fontFamily": "Heavitas",
          },
          Object {
            "fontSize": 26,
          },
          Object {
            "textAlign": "left",
          },
          Object {
            "color": "#fff",
            "marginTop": 5,
          },
        ]
      }
    >
      Profiel
    </Text>
  </View>
  <RCTScrollView>
    <View>
      <View
        style={
          Object {
            "flex": 1,
            "padding": 25,
            "position": "relative",
            "width": 750,
          }
        }
      >
        <Text
          ellipsizeMode="tail"
          numberOfLines={0}
          selectable={false}
          style={
            Array [
              Object {
                "color": "#000",
                "fontFamily": "Heavitas",
              },
              Object {
                "fontSize": 58,
              },
              Object {
                "textAlign": "left",
              },
              Object {
                "marginBottom": 30,
              },
            ]
          }
        >
          Gegevens Exporteren
        </Text>
        <Text
          ellipsizeMode="tail"
          numberOfLines={0}
          style={
            Array [
              Object {
                "color": "#000",
                "fontFamily": "Raleway-Regular",
                "lineHeight": 46,
              },
              Object {
                "fontSize": 29,
              },
              Object {
                "textAlign": "left",
              },
              Object {
                "marginBottom": 30,
              },
            ]
          }
        >
          Als je van device switcht wil je natuurlijk niet dat al jouw gegevens en prestaties op Ping Ping verloren gaan!
        </Text>
        <Text
          ellipsizeMode="tail"
          numberOfLines={0}
          style={
            Array [
              Object {
                "color": "#000",
                "fontFamily": "Raleway-Regular",
                "lineHeight": 46,
              },
              Object {
                "fontSize": 29,
              },
              Object {
                "textAlign": "left",
              },
              Object {
                "marginBottom": 30,
              },
            ]
          }
        >
          Het is heel simpel om jouw gegevens te exporteren naar een nieuw device. Open op je nieuwe device de app en klik rechtsboven op inloggen. Vervolgens scan je de onderstaande QRCode en zo simpel is het!
        </Text>
        <View
          style={
            Object {
              "alignItems": "center",
            }
          }
        >
          <View
            style={
              Object {
                "borderColor": "#fb9f00",
                "borderRadius": 5,
                "borderWidth": 5,
                "padding": 10,
              }
            }
          >
            <ActivityIndicator
              color="#fb9f00"
            />
          </View>
        </View>
      </View>
    </View>
  </RCTScrollView>
</View>
`;
