// Jest Snapshot v1, https://goo.gl/fbAQLP

exports[`renders correctly 1`] = `
<NativeBaseConfigProviderProvider
  config={
    Object {
      "strictMode": "off",
    }
  }
  currentBreakpoint={1}
  theme={
    Object {
      "borderWidths": Object {
        "0": 0,
        "1": "1px",
        "2": "2px",
        "4": "4px",
        "8": "8px",
      },
      "breakpoints": Object {
        "2xl": 1536,
        "base": 0,
        "lg": 992,
        "md": 768,
        "sm": 480,
        "xl": 1280,
      },
      "colors": Object {
        "amber": Object {
          "100": "#fef3c7",
          "200": "#fde68a",
          "300": "#fcd34d",
          "400": "#fbbf24",
          "50": "#fffbeb",
          "500": "#f59e0b",
          "600": "#d97706",
          "700": "#b45309",
          "800": "#92400e",
          "900": "#78350f",
        },
        "black": "#000000",
        "blue": Object {
          "100": "#dbeafe",
          "200": "#bfdbfe",
          "300": "#93c5fd",
          "400": "#60a5fa",
          "50": "#eff6ff",
          "500": "#3b82f6",
          "600": "#2563eb",
          "700": "#1d4ed8",
          "800": "#1e40af",
          "900": "#1e3a8a",
        },
        "blueGray": Object {
          "100": "#f1f5f9",
          "200": "#e2e8f0",
          "300": "#cbd5e1",
          "400": "#94a3b8",
          "50": "#f8fafc",
          "500": "#64748b",
          "600": "#475569",
          "700": "#334155",
          "800": "#1e293b",
          "900": "#0f172a",
        },
        "contrastThreshold": 7,
        "coolGray": Object {
          "100": "#f3f4f6",
          "200": "#e5e7eb",
          "300": "#d1d5db",
          "400": "#9ca3af",
          "50": "#f9fafb",
          "500": "#6b7280",
          "600": "#4b5563",
          "700": "#374151",
          "800": "#1f2937",
          "900": "#111827",
        },
        "cyan": Object {
          "100": "#cffafe",
          "200": "#a5f3fc",
          "300": "#67e8f9",
          "400": "#22d3ee",
          "50": "#ecfeff",
          "500": "#06b6d4",
          "600": "#0891b2",
          "700": "#0e7490",
          "800": "#155e75",
          "900": "#164e63",
        },
        "danger": Object {
          "100": "#fee2e2",
          "200": "#fecaca",
          "300": "#fca5a5",
          "400": "#f87171",
          "50": "#fef2f2",
          "500": "#ef4444",
          "600": "#dc2626",
          "700": "#b91c1c",
          "800": "#991b1b",
          "900": "#7f1d1d",
        },
        "dark": Object {
          "100": "#27272a",
          "200": "#3f3f46",
          "300": "#52525b",
          "400": "#71717a",
          "50": "#18181b",
          "500": "#a1a1aa",
          "600": "#d4d4d8",
          "700": "#e4e4e7",
          "800": "#f4f4f5",
          "900": "#fafafa",
        },
        "darkBlue": Object {
          "100": "#addbff",
          "200": "#7cc2ff",
          "300": "#4aa9ff",
          "400": "#1a91ff",
          "50": "#dbf4ff",
          "500": "#0077e6",
          "600": "#005db4",
          "700": "#004282",
          "800": "#002851",
          "900": "#000e21",
        },
        "darkText": "#000000",
        "emerald": Object {
          "100": "#d1fae5",
          "200": "#a7f3d0",
          "300": "#6ee7b7",
          "400": "#34d399",
          "50": "#ecfdf5",
          "500": "#10b981",
          "600": "#059669",
          "700": "#047857",
          "800": "#065f46",
          "900": "#064e3b",
        },
        "error": Object {
          "100": "#ffe4e6",
          "200": "#fecdd3",
          "300": "#fda4af",
          "400": "#fb7185",
          "50": "#fff1f2",
          "500": "#f43f5e",
          "600": "#e11d48",
          "700": "#be123c",
          "800": "#9f1239",
          "900": "#881337",
        },
        "fuchsia": Object {
          "100": "#fae8ff",
          "200": "#f5d0fe",
          "300": "#f0abfc",
          "400": "#e879f9",
          "50": "#fdf4ff",
          "500": "#d946ef",
          "600": "#c026d3",
          "700": "#a21caf",
          "800": "#86198f",
          "900": "#701a75",
        },
        "gray": Object {
          "100": "#f4f4f5",
          "200": "#e4e4e7",
          "300": "#d4d4d8",
          "400": "#a1a1aa",
          "50": "#fafafa",
          "500": "#71717a",
          "600": "#52525b",
          "700": "#3f3f46",
          "800": "#27272a",
          "900": "#18181b",
        },
        "green": Object {
          "100": "#dcfce7",
          "200": "#bbf7d0",
          "300": "#86efac",
          "400": "#4ade80",
          "50": "#f0fdf4",
          "500": "#22c55e",
          "600": "#16a34a",
          "700": "#15803d",
          "800": "#166534",
          "900": "#14532d",
        },
        "indigo": Object {
          "100": "#e0e7ff",
          "200": "#c7d2fe",
          "300": "#a5b4fc",
          "400": "#818cf8",
          "50": "#eef2ff",
          "500": "#6366f1",
          "600": "#4f46e5",
          "700": "#4338ca",
          "800": "#3730a3",
          "900": "#312e81",
        },
        "info": Object {
          "100": "#e0f2fe",
          "200": "#bae6fd",
          "300": "#7dd3fc",
          "400": "#38bdf8",
          "50": "#f0f9ff",
          "500": "#0ea5e9",
          "600": "#0284c7",
          "700": "#0369a1",
          "800": "#075985",
          "900": "#0c4a6e",
        },
        "light": Object {
          "100": "#f5f5f4",
          "200": "#e7e5e4",
          "300": "#d6d3d1",
          "400": "#a8a29e",
          "50": "#fafaf9",
          "500": "#78716c",
          "600": "#57534e",
          "700": "#44403c",
          "800": "#292524",
          "900": "#1c1917",
        },
        "lightBlue": Object {
          "100": "#e0f2fe",
          "200": "#bae6fd",
          "300": "#7dd3fc",
          "400": "#38bdf8",
          "50": "#f0f9ff",
          "500": "#0ea5e9",
          "600": "#0284c7",
          "700": "#0369a1",
          "800": "#075985",
          "900": "#0c4a6e",
        },
        "lightText": "#FFFFFF",
        "lime": Object {
          "100": "#ecfccb",
          "200": "#d9f99d",
          "300": "#bef264",
          "400": "#a3e635",
          "50": "#f7fee7",
          "500": "#84cc16",
          "600": "#65a30d",
          "700": "#4d7c0f",
          "800": "#3f6212",
          "900": "#365314",
        },
        "muted": Object {
          "100": "#f5f5f5",
          "200": "#e5e5e5",
          "300": "#d4d4d4",
          "400": "#a3a3a3",
          "50": "#fafafa",
          "500": "#737373",
          "600": "#525252",
          "700": "#404040",
          "800": "#262626",
          "900": "#171717",
        },
        "orange": Object {
          "100": "#ffedd5",
          "200": "#fed7aa",
          "300": "#fdba74",
          "400": "#fb923c",
          "50": "#fff7ed",
          "500": "#f97316",
          "600": "#ea580c",
          "700": "#c2410c",
          "800": "#9a3412",
          "900": "#7c2d12",
        },
        "pink": Object {
          "100": "#fce7f3",
          "200": "#fbcfe8",
          "300": "#f9a8d4",
          "400": "#f472b6",
          "50": "#fdf2f8",
          "500": "#ec4899",
          "600": "#db2777",
          "700": "#be185d",
          "800": "#9d174d",
          "900": "#831843",
        },
        "primary": Object {
          "100": "#cffafe",
          "200": "#a5f3fc",
          "300": "#67e8f9",
          "400": "#22d3ee",
          "50": "#ecfeff",
          "500": "#06b6d4",
          "600": "#0891b2",
          "700": "#0e7490",
          "800": "#155e75",
          "900": "#164e63",
        },
        "purple": Object {
          "100": "#f3e8ff",
          "200": "#e9d5ff",
          "300": "#d8b4fe",
          "400": "#c084fc",
          "50": "#faf5ff",
          "500": "#a855f7",
          "600": "#9333ea",
          "700": "#7e22ce",
          "800": "#6b21a8",
          "900": "#581c87",
        },
        "red": Object {
          "100": "#fee2e2",
          "200": "#fecaca",
          "300": "#fca5a5",
          "400": "#f87171",
          "50": "#fef2f2",
          "500": "#ef4444",
          "600": "#dc2626",
          "700": "#b91c1c",
          "800": "#991b1b",
          "900": "#7f1d1d",
        },
        "rose": Object {
          "100": "#ffe4e6",
          "200": "#fecdd3",
          "300": "#fda4af",
          "400": "#fb7185",
          "50": "#fff1f2",
          "500": "#f43f5e",
          "600": "#e11d48",
          "700": "#be123c",
          "800": "#9f1239",
          "900": "#881337",
        },
        "secondary": Object {
          "100": "#fce7f3",
          "200": "#fbcfe8",
          "300": "#f9a8d4",
          "400": "#f472b6",
          "50": "#fdf2f8",
          "500": "#ec4899",
          "600": "#db2777",
          "700": "#be185d",
          "800": "#9d174d",
          "900": "#831843",
        },
        "success": Object {
          "100": "#d1fae5",
          "200": "#a7f3d0",
          "300": "#6ee7b7",
          "400": "#34d399",
          "50": "#ecfdf5",
          "500": "#10b981",
          "600": "#059669",
          "700": "#047857",
          "800": "#065f46",
          "900": "#064e3b",
        },
        "teal": Object {
          "100": "#ccfbf1",
          "200": "#99f6e4",
          "300": "#5eead4",
          "400": "#2dd4bf",
          "50": "#f0fdfa",
          "500": "#14b8a6",
          "600": "#0d9488",
          "700": "#0f766e",
          "800": "#115e59",
          "900": "#134e4a",
        },
        "tertiary": Object {
          "100": "#dcfce7",
          "200": "#bbf7d0",
          "300": "#86efac",
          "400": "#4ade80",
          "50": "#f0fdf4",
          "500": "#22c55e",
          "600": "#16a34a",
          "700": "#15803d",
          "800": "#166534",
          "900": "#14532d",
        },
        "trueGray": Object {
          "100": "#f5f5f5",
          "200": "#e5e5e5",
          "300": "#d4d4d4",
          "400": "#a3a3a3",
          "50": "#fafafa",
          "500": "#737373",
          "600": "#525252",
          "700": "#404040",
          "800": "#262626",
          "900": "#171717",
        },
        "violet": Object {
          "100": "#ede9fe",
          "200": "#ddd6fe",
          "300": "#c4b5fd",
          "400": "#a78bfa",
          "50": "#f5f3ff",
          "500": "#8b5cf6",
          "600": "#7c3aed",
          "700": "#6d28d9",
          "800": "#5b21b6",
          "900": "#4c1d95",
        },
        "warmGray": Object {
          "100": "#f5f5f4",
          "200": "#e7e5e4",
          "300": "#d6d3d1",
          "400": "#a8a29e",
          "50": "#fafaf9",
          "500": "#78716c",
          "600": "#57534e",
          "700": "#44403c",
          "800": "#292524",
          "900": "#1c1917",
        },
        "warning": Object {
          "100": "#ffedd5",
          "200": "#fed7aa",
          "300": "#fdba74",
          "400": "#fb923c",
          "50": "#fff7ed",
          "500": "#f97316",
          "600": "#ea580c",
          "700": "#c2410c",
          "800": "#9a3412",
          "900": "#7c2d12",
        },
        "white": "#FFFFFF",
        "yellow": Object {
          "100": "#fef9c3",
          "200": "#fef08a",
          "300": "#fde047",
          "400": "#facc15",
          "50": "#fefce8",
          "500": "#eab308",
          "600": "#ca8a04",
          "700": "#a16207",
          "800": "#854d0e",
          "900": "#713f12",
        },
      },
      "components": Object {
        "Accordion": Object {
          "baseStyle": [Function],
        },
        "AccordionDetails": Object {
          "baseStyle": Object {
            "p": 3,
          },
        },
        "AccordionIcon": Object {},
        "AccordionItem": Object {},
        "AccordionSummary": Object {
          "baseStyle": [Function],
        },
        "Actionsheet": Object {
          "defaultProps": Object {
            "size": "full",
          },
        },
        "ActionsheetContent": Object {
          "baseStyle": [Function],
        },
        "ActionsheetItem": Object {
          "baseStyle": [Function],
          "defaultProps": Object {
            "variant": "unstyled",
          },
        },
        "Alert": Object {
          "baseStyle": Object {
            "alignItems": "center",
            "borderRadius": "sm",
            "justifyContent": "flex-start",
            "p": 3,
            "space": 3,
          },
          "defaultProps": Object {
            "colorScheme": "primary",
            "variant": "subtle",
          },
          "variants": Object {
            "left-accent": [Function],
            "outline": [Function],
            "outline-light": [Function],
            "solid": [Function],
            "subtle": [Function],
            "top-accent": [Function],
          },
        },
        "AlertDialog": Object {
          "baseStyle": Object {
            "alignItems": "center",
            "height": "100%",
            "justifyContent": "center",
            "width": "100%",
          },
          "defaultProps": Object {
            "closeOnOverlayClick": true,
            "size": "md",
          },
          "sizes": Object {
            "full": Object {
              "contentSize": Object {
                "width": "100%",
              },
            },
            "lg": Object {
              "contentSize": Object {
                "maxWidth": "520",
                "width": "80%",
              },
            },
            "md": Object {
              "contentSize": Object {
                "maxWidth": "380",
                "width": "75%",
              },
            },
            "sm": Object {
              "contentSize": Object {
                "maxWidth": "320",
                "width": "65%",
              },
            },
            "xl": Object {
              "contentSize": Object {
                "maxWidth": "580",
                "width": "90%",
              },
            },
            "xs": Object {
              "contentSize": Object {
                "maxWidth": "280",
                "width": "60%",
              },
            },
          },
        },
        "AlertDialogBody": Object {
          "baseStyle": [Function],
        },
        "AlertDialogCloseButton": Object {
          "baseStyle": [Function],
        },
        "AlertDialogContent": Object {
          "baseStyle": [Function],
        },
        "AlertDialogFooter": Object {
          "baseStyle": [Function],
        },
        "AlertDialogHeader": Object {
          "baseStyle": [Function],
        },
        "AlertDialogOverlay": Object {
          "baseStyle": Object {
            "bottom": "0",
            "left": "0",
            "opacity": "50",
            "position": "absolute",
            "right": "0",
            "top": "0",
          },
        },
        "AlertIcon": Object {
          "baseStyle": Object {
            "size": 4,
          },
        },
        "AppBar": Object {
          "baseStyle": [Function],
          "defaultProps": Object {
            "colorScheme": "primary",
          },
        },
        "AspectRatio": Object {
          "baseStyle": Object {},
          "defaultProps": Object {
            "ratio": 1.3333333333333333,
          },
        },
        "Avatar": Object {
          "baseStyle": [Function],
          "defaultProps": Object {
            "size": "md",
          },
          "sizes": Object {
            "2xl": Object {
              "_text": Object {
                "fontSize": "5xl",
              },
              "height": "32",
              "width": "32",
            },
            "lg": Object {
              "_text": Object {
                "fontSize": "xl",
              },
              "height": "16",
              "width": "16",
            },
            "md": Object {
              "_text": Object {
                "fontSize": "md",
              },
              "height": "12",
              "width": "12",
            },
            "sm": Object {
              "_text": Object {
                "fontSize": "xs",
              },
              "height": "8",
              "width": "8",
            },
            "xl": Object {
              "_text": Object {
                "fontSize": "3xl",
              },
              "height": "24",
              "width": "24",
            },
            "xs": Object {
              "_text": Object {
                "fontSize": "2xs",
              },
              "height": "6",
              "width": "6",
            },
          },
        },
        "AvatarBadge": Object {
          "baseStyle": [Function],
        },
        "AvatarGroup": Object {
          "baseStyle": [Function],
        },
        "Badge": Object {
          "baseStyle": Object {
            "_text": Object {
              "fontSize": "xs",
              "fontWeight": "medium",
            },
            "alignItems": "center",
            "px": "2",
            "py": "0.5",
          },
          "defaultProps": Object {
            "colorScheme": "coolGray",
            "variant": "subtle",
          },
          "variants": Object {
            "outline": [Function],
            "solid": [Function],
            "subtle": [Function],
          },
        },
        "Box": Object {
          "baseStyle": Object {},
          "defaultProps": Object {},
        },
        "Breadcrumb": Object {
          "baseStyle": Object {
            "display": "flex",
            "flexDirection": "row",
            "height": "auto",
            "spacing": "2",
            "width": "auto",
          },
          "defaultProps": Object {
            "direction": "row",
            "wrap": "wrap",
          },
        },
        "BreadcrumbIcon": Object {
          "baseStyle": Object {
            "display": "flex",
            "flexDirection": "row",
            "height": "auto",
            "spacing": "2",
            "width": "auto",
          },
          "defaultProps": Object {
            "direction": "row",
            "wrap": "wrap",
          },
        },
        "BreadcrumbText": Object {
          "baseStyle": Object {
            "_current": Object {
              "fontWeight": "bold",
            },
            "display": "flex",
            "flexDirection": "row",
            "height": "auto",
            "spacing": "2",
            "width": "auto",
          },
          "defaultProps": Object {
            "direction": "row",
            "wrap": "wrap",
          },
        },
        "Button": Object {
          "baseStyle": [Function],
          "defaultProps": Object {
            "colorScheme": "primary",
            "size": "md",
            "variant": "solid",
          },
          "sizes": Object {
            "lg": Object {
              "_text": Object {
                "fontSize": "md",
              },
              "px": "4",
              "py": "2",
            },
            "md": Object {
              "_text": Object {
                "fontSize": "sm",
              },
              "px": "3",
              "py": "2",
            },
            "sm": Object {
              "_text": Object {
                "fontSize": "xs",
              },
              "px": "2",
              "py": "2",
            },
            "xs": Object {
              "_text": Object {
                "fontSize": "2xs",
              },
              "px": "2",
              "py": "2",
            },
          },
          "variants": Object {
            "ghost": [Function],
            "link": [Function],
            "outline": [Function],
            "solid": [Function],
            "subtle": [Function],
            "unstyled": [Function],
          },
        },
        "ButtonGroup": Object {
          "baseStyle": Object {
            "direction": "row",
          },
          "defaultProps": Object {
            "space": 2,
          },
        },
        "Card": Object {
          "baseStyle": Object {
            "borderRadius": "md",
            "overflow": "hidden",
            "padding": 4,
            "shadow": 4,
          },
          "defaultProps": Object {},
        },
        "Center": Object {
          "baseStyle": Object {
            "alignItems": "center",
            "display": "flex",
            "justifyContent": "center",
          },
          "sizes": Object {
            "2xl": Object {
              "height": 40,
              "width": 40,
            },
            "lg": Object {
              "height": 24,
              "width": 24,
            },
            "md": Object {
              "height": 16,
              "width": 16,
            },
            "sm": Object {
              "height": 12,
              "width": 12,
            },
            "xl": Object {
              "height": 32,
              "width": 32,
            },
            "xs": Object {
              "height": 10,
              "width": 10,
            },
          },
        },
        "Checkbox": Object {
          "baseStyle": [Function],
          "defaultProps": Object {
            "colorScheme": "primary",
            "defaultIsChecked": false,
            "size": "sm",
          },
          "sizes": Object {
            "lg": Object {
              "_icon": Object {
                "size": 6,
              },
              "_text": Object {
                "fontSize": "xl",
              },
            },
            "md": Object {
              "_icon": Object {
                "size": 5,
              },
              "_text": Object {
                "fontSize": "lg",
              },
            },
            "sm": Object {
              "_icon": Object {
                "size": 4,
              },
              "_text": Object {
                "fontSize": "md",
              },
            },
          },
        },
        "CircularProgress": Object {
          "baseStyle": [Function],
          "defaultProps": Object {
            "colorScheme": "primary",
            "size": "lg",
            "thickness": 8,
          },
          "sizes": Object {
            "2xl": Object {
              "height": 32,
              "width": 32,
            },
            "lg": Object {
              "height": 20,
              "width": 20,
            },
            "md": Object {
              "height": 16,
              "width": 16,
            },
            "sm": Object {
              "height": 8,
              "width": 8,
            },
            "xl": Object {
              "height": 24,
              "width": 24,
            },
            "xs": Object {
              "height": 6,
              "width": 6,
            },
          },
        },
        "Code": Object {
          "baseStyle": Object {
            "_text": Object {
              "fontFamily": "Courier",
              "fontSize": "sm",
            },
            "borderRadius": "sm",
            "px": 2,
            "py": 1,
          },
          "defaultProps": Object {
            "colorScheme": "coolGray",
            "variant": "subtle",
          },
          "variants": Object {
            "outline": [Function],
            "solid": [Function],
            "subtle": [Function],
          },
        },
        "Container": Object {
          "baseStyle": Object {
            "maxWidth": "80%",
          },
        },
        "Divider": Object {
          "baseStyle": [Function],
          "defaultProps": Object {
            "orientation": "horizontal",
            "thickness": "1",
          },
        },
        "FAB": Object {
          "baseStyle": Object {
            "placementProps": Object {
              "bottom-left": Object {
                "bottom": 4,
                "left": 4,
                "position": "absolute",
              },
              "bottom-right": Object {
                "bottom": 4,
                "position": "absolute",
                "right": 4,
              },
              "top-left": Object {
                "left": 4,
                "position": "absolute",
                "top": 4,
              },
              "top-right": Object {
                "position": "absolute",
                "right": 4,
                "top": 4,
              },
            },
            "px": 4,
            "py": 4,
            "rounded": "full",
            "shadow": 7,
            "zIndex": 20,
          },
          "defaultProps": Object {
            "colorScheme": "primary",
            "placement": "bottom-right",
            "renderInPortal": true,
            "variant": "solid",
          },
        },
        "Fade": Object {
          "defaultProps": Object {
            "entryDuration": 500,
            "exitDuration": 500,
          },
        },
        "FlatList": Object {
          "baseStyle": Object {},
          "defaultProps": Object {},
        },
        "Flex": Object {
          "defaultProps": Object {
            "flexDirection": "column",
          },
        },
        "FormControl": Object {},
        "FormControlErrorMessage": Object {
          "baseStyle": [Function],
        },
        "FormControlHelperText": Object {
          "baseStyle": [Function],
        },
        "FormControlLabel": Object {
          "baseStyle": [Function],
        },
        "HStack": Object {
          "baseStyle": Object {},
          "defaultProps": Object {},
        },
        "Heading": Object {
          "baseStyle": [Function],
          "defaultProps": Object {
            "size": "lg",
          },
          "sizes": Object {
            "2xl": Object {
              "fontSize": Array [
                "4xl",
                null,
                "5xl",
              ],
            },
            "3xl": Object {
              "fontSize": Array [
                "5xl",
                null,
                "6xl",
              ],
            },
            "4xl": Object {
              "fontSize": Array [
                "6xl",
                null,
                "7xl",
              ],
            },
            "lg": Object {
              "fontSize": Array [
                "2xl",
                null,
                "3xl",
              ],
            },
            "md": Object {
              "fontSize": "xl",
            },
            "sm": Object {
              "fontSize": "md",
            },
            "xl": Object {
              "fontSize": Array [
                "3xl",
                null,
                "4xl",
              ],
            },
            "xs": Object {
              "fontSize": "sm",
            },
          },
        },
        "Icon": Object {
          "baseStyle": [Function],
          "defaultProps": Object {
            "size": "md",
          },
          "sizes": Object {
            "2xl": 16,
            "3xl": 20,
            "4xl": 24,
            "5xl": 32,
            "6xl": 64,
            "lg": 10,
            "md": 8,
            "sm": 6,
            "xl": 12,
            "xs": 4,
            "xxs": 2,
          },
        },
        "IconButton": Object {
          "baseStyle": [Function],
          "defaultProps": Object {
            "colorScheme": "primary",
            "size": "md",
            "variant": "ghost",
          },
          "sizes": Object {
            "lg": Object {
              "p": 3,
            },
            "md": Object {
              "p": 2,
            },
            "sm": Object {
              "p": 1,
            },
          },
          "variants": Object {
            "ghost": [Function],
            "outline": [Function],
            "solid": [Function],
            "unstyled": [Function],
          },
        },
        "Image": Object {
          "baseStyle": Object {
            "maxWidth": "100%",
          },
          "defaultProps": Object {},
          "sizes": Object {
            "2xl": "64",
            "2xs": "6",
            "full": "100%",
            "lg": "24",
            "md": "20",
            "sm": "16",
            "xl": "32",
            "xs": "10",
          },
        },
        "Input": Object {
          "baseStyle": [Function],
          "defaultProps": Object {
            "size": "sm",
            "variant": "outline",
          },
          "sizes": Object {
            "2xl": Object {
              "fontSize": "xl",
            },
            "lg": Object {
              "fontSize": "md",
            },
            "md": Object {
              "fontSize": "sm",
            },
            "sm": Object {
              "fontSize": "xs",
            },
            "xl": Object {
              "fontSize": "lg",
            },
            "xs": Object {
              "fontSize": "2xs",
            },
          },
          "variants": Object {
            "filled": [Function],
            "outline": [Function],
            "rounded": [Function],
            "underlined": [Function],
            "unstyled": [Function],
          },
        },
        "InputLeftAddon": Object {
          "baseStyle": [Function],
        },
        "InputRightAddon": Object {
          "baseStyle": [Function],
        },
        "Kbd": Object {
          "baseStyle": [Function],
          "defaultProps": Object {},
        },
        "KeyboardAvoidingView": Object {
          "baseStyle": Object {},
          "defaultProps": Object {},
        },
        "Link": Object {
          "baseStyle": [Function],
          "defaultProps": Object {
            "isUnderlined": true,
          },
        },
        "List": Object {
          "baseStyle": [Function],
        },
        "ListIcon": Object {
          "baseStyle": Object {
            "mr": 8,
            "size": "md",
          },
        },
        "ListItem": Object {
          "baseStyle": Object {
            "borderColor": "gray.300",
            "py": 2,
          },
          "defaultProps": Object {
            "start": 1,
          },
        },
        "Menu": Object {
          "baseStyle": [Function],
        },
        "MenuGroup": Object {
          "baseStyle": [Function],
        },
        "MenuItem": Object {
          "baseStyle": [Function],
          "defaultProps": Object {},
        },
        "Modal": Object {
          "baseStyle": Object {
            "alignItems": "center",
            "height": "100%",
            "justifyContent": "center",
            "width": "100%",
          },
          "defaultProps": Object {
            "closeOnOverlayClick": true,
            "size": "md",
          },
          "sizes": Object {
            "full": Object {
              "contentSize": Object {
                "width": "100%",
              },
            },
            "lg": Object {
              "contentSize": Object {
                "maxWidth": "520",
                "width": "80%",
              },
            },
            "md": Object {
              "contentSize": Object {
                "maxWidth": "380",
                "width": "75%",
              },
            },
            "sm": Object {
              "contentSize": Object {
                "maxWidth": "320",
                "width": "65%",
              },
            },
            "xl": Object {
              "contentSize": Object {
                "maxWidth": "580",
                "width": "90%",
              },
            },
            "xs": Object {
              "contentSize": Object {
                "maxWidth": "280",
                "width": "60%",
              },
            },
          },
        },
        "ModalBody": Object {
          "baseStyle": [Function],
        },
        "ModalCloseButton": Object {
          "baseStyle": [Function],
        },
        "ModalContent": Object {
          "baseStyle": [Function],
        },
        "ModalFooter": Object {
          "baseStyle": [Function],
        },
        "ModalHeader": Object {
          "baseStyle": [Function],
        },
        "ModalOverlay": Object {
          "baseStyle": Object {
            "bottom": "0",
            "left": "0",
            "opacity": "50",
            "position": "absolute",
            "right": "0",
            "top": "0",
          },
        },
        "NumberInput": Object {
          "defaultProps": Object {
            "clampValueOnBlur": true,
            "defaultValue": "0",
            "focusInputOnChange": true,
            "getAriaValueText": true,
            "keepWithinRange": true,
            "max": Infinity,
            "min": -Infinity,
            "size": "sm",
            "step": 1,
          },
        },
        "NumberInputStepper": Object {
          "baseStyle": [Function],
        },
        "PinInput": Object {
          "defaultProps": Object {
            "manageFocus": true,
            "placeholder": "○",
            "size": "md",
            "space": 1,
          },
          "sizes": Object {
            "2xl": Object {
              "borderRadius": "lg",
              "fontSize": "2xl",
              "height": "56px",
              "p": 3,
              "textAlign": "center",
              "width": "56px",
            },
            "lg": Object {
              "borderRadius": "md",
              "fontSize": "lg",
              "height": "48px",
              "p": 2,
              "textAlign": "center",
              "width": "48px",
            },
            "md": Object {
              "borderRadius": "md",
              "fontSize": "md",
              "height": "40px",
              "p": 2,
              "textAlign": "center",
              "width": "40px",
            },
            "sm": Object {
              "borderRadius": "md",
              "fontSize": "sm",
              "height": "30px",
              "p": 1,
              "textAlign": "center",
              "width": "30px",
            },
            "xl": Object {
              "borderRadius": "lg",
              "fontSize": "xl",
              "height": "52px",
              "p": 3,
              "textAlign": "center",
              "width": "52px",
            },
            "xs": Object {
              "borderRadius": "md",
              "fontSize": "xs",
              "height": "24px",
              "p": 1,
              "textAlign": "center",
              "width": "24px",
            },
          },
        },
        "PopoverArrow": Object {
          "baseStyle": [Function],
        },
        "PopoverBody": Object {
          "baseStyle": [Function],
        },
        "PopoverCloseButton": Object {
          "baseStyle": [Function],
        },
        "PopoverContent": Object {
          "baseStyle": [Function],
        },
        "PopoverFooter": Object {
          "baseStyle": [Function],
        },
        "PopoverHeader": Object {
          "baseStyle": [Function],
        },
        "Pressable": Object {
          "baseStyle": Object {},
          "defaultProps": Object {},
        },
        "Progress": Object {
          "baseStyle": [Function],
          "defaultProps": Object {
            "colorScheme": "primary",
            "isIndeterminate": false,
            "max": 100,
            "min": 0,
            "rounded": "full",
            "size": "sm",
            "value": 0,
          },
          "sizes": Object {
            "2xl": Object {
              "height": 6,
            },
            "lg": Object {
              "height": 4,
            },
            "md": Object {
              "height": 3,
            },
            "sm": Object {
              "height": 2,
            },
            "xl": Object {
              "height": 5,
            },
            "xs": Object {
              "height": 1,
            },
          },
        },
        "Radio": Object {
          "baseStyle": [Function],
          "defaultProps": Object {
            "colorScheme": "primary",
            "defaultIsChecked": false,
            "size": "md",
          },
          "sizes": Object {
            "lg": Object {
              "_icon": Object {
                "size": 4,
              },
              "_text": Object {
                "fontSize": "lg",
              },
            },
            "md": Object {
              "_icon": Object {
                "size": 3,
              },
              "_text": Object {
                "fontSize": "md",
              },
            },
            "sm": Object {
              "_icon": Object {
                "size": 2,
              },
              "_text": Object {
                "fontSize": "sm",
              },
            },
          },
        },
        "ScaleFade": Object {
          "defaultProps": Object {
            "duration": 500,
            "initialScale": 0.9,
          },
        },
        "ScrollView": Object {
          "baseStyle": Object {},
          "defaultProps": Object {},
        },
        "SectionList": Object {
          "baseStyle": Object {},
          "defaultProps": Object {},
        },
        "Select": Object {
          "baseStyle": [Function],
          "defaultProps": Object {
            "optimized": true,
          },
        },
        "SelectItem": Object {
          "baseStyle": Object {
            "borderRadius": "0",
            "minH": "0",
            "p": "1",
            "px": "2",
          },
        },
        "SimpleGrid": Object {
          "baseStyle": Object {},
          "defaultProps": Object {},
        },
        "Skeleton": Object {
          "baseStyle": [Function],
        },
        "SkeletonText": Object {
          "baseStyle": [Function],
          "defaultProps": Object {
            "lines": 3,
            "space": 3,
          },
        },
        "Slide": Object {
          "defaultProps": Object {
            "duration": 500,
            "overlay": true,
            "placement": "bottom",
          },
        },
        "SlideFade": Object {
          "defaultProps": Object {
            "duration": 500,
            "offsetX": 10,
            "offsetY": 10,
          },
        },
        "Slider": Object {
          "defaultProps": Object {
            "size": "sm",
          },
          "sizes": Object {
            "lg": Object {
              "sliderSize": 6,
              "thumbSize": 6,
            },
            "md": Object {
              "sliderSize": 5,
              "thumbSize": 5,
            },
            "sm": Object {
              "sliderSize": 4,
              "thumbSize": 4,
            },
          },
        },
        "SliderFilledTrack": Object {
          "baseStyle": [Function],
        },
        "SliderThumb": Object {
          "baseStyle": [Function],
        },
        "SliderTrack": Object {
          "baseStyle": [Function],
        },
        "Spinner": Object {
          "baseStyle": Object {
            "color": "primary.500",
          },
          "defaultProps": Object {
            "size": "small",
          },
          "sizes": Object {
            "lg": "large",
            "sm": "small",
          },
        },
        "Stack": Object {
          "baseStyle": Object {},
          "defaultProps": Object {},
          "sizes": Object {
            "2xl": 8,
            "2xs": 1,
            "gutter": 0,
            "lg": 6,
            "md": 4,
            "sm": 3,
            "xl": 7,
            "xs": 2,
          },
        },
        "Stat": Object {
          "defaultProps": Object {
            "_statGroup": Object {
              "flexWrap": "wrap",
              "justifyContent": "space-between",
              "space": 4,
            },
            "_statHelpText": Object {
              "_text": Object {
                "color": "gray.500",
                "fontSize": "xl",
              },
              "alignItems": "center",
              "flexDirection": "row",
            },
            "_statLabel": Object {
              "fontSize": "xl",
            },
            "_statNumber": Object {
              "fontSize": "4xl",
              "fontWeight": "bold",
              "my": 2,
            },
          },
        },
        "StatusBar": Object {
          "baseStyle": Object {},
          "defaultProps": Object {},
        },
        "Switch": Object {
          "baseStyle": [Function],
          "defaultProps": Object {
            "colorScheme": "primary",
            "size": "md",
          },
          "sizes": Object {
            "lg": Object {
              "margin": 1,
              "style": Object {
                "transform": Array [
                  Object {
                    "scale": 1.25,
                  },
                ],
              },
            },
            "md": Object {},
            "sm": Object {
              "style": Object {
                "transform": Array [
                  Object {
                    "scale": 0.75,
                  },
                ],
              },
            },
          },
        },
        "Tabs": Object {
          "baseStyle": [Function],
          "defaultProps": Object {
            "colorScheme": "primary",
            "size": "md",
            "variant": "outline",
          },
          "sizes": Object {
            "lg": Object {
              "activeTabStyle": Object {
                "_text": Object {
                  "fontSize": "lg",
                },
                "px": 5,
                "py": 4,
              },
              "inactiveTabStyle": Object {
                "_text": Object {
                  "fontSize": "lg",
                },
                "px": 5,
                "py": 4,
              },
            },
            "md": Object {
              "activeTabStyle": Object {
                "_text": Object {
                  "fontSize": "md",
                },
                "px": 4,
                "py": 3,
              },
              "inactiveTabStyle": Object {
                "_text": Object {
                  "fontSize": "md",
                },
                "px": 4,
                "py": 3,
              },
            },
            "sm": Object {
              "activeTabStyle": Object {
                "_text": Object {
                  "fontSize": "sm",
                },
                "px": 3,
                "py": 2,
              },
              "inactiveTabStyle": Object {
                "_text": Object {
                  "fontSize": "sm",
                },
                "px": 3,
                "py": 2,
              },
            },
          },
          "variants": Object {
            "filled": [Function],
            "filled-outline": [Function],
            "outline": [Function],
          },
        },
        "Tag": Object {
          "baseStyle": Object {
            "_text": Object {
              "fontWeight": "medium",
            },
            "alignItems": "center",
            "display": "flex",
            "flexDirection": "row",
            "justifyContent": "center",
          },
          "defaultProps": Object {
            "colorScheme": "primary",
            "size": "md",
            "variant": "subtle",
          },
          "sizes": Object {
            "lg": Object {
              "_text": Object {
                "fontSize": "md",
              },
              "borderRadius": "md",
              "minH": 8,
              "minW": 8,
              "p": 3,
            },
            "md": Object {
              "_text": Object {
                "fontSize": "sm",
              },
              "borderRadius": "md",
              "minH": 6,
              "minW": 6,
              "p": 2,
            },
            "sm": Object {
              "_text": Object {
                "fontSize": "xs",
              },
              "borderRadius": "sm",
              "minH": 5,
              "minW": 5,
              "p": 1,
            },
          },
          "variants": Object {
            "outline": [Function],
            "solid": [Function],
            "subtle": [Function],
          },
        },
        "Text": Object {
          "baseStyle": [Function],
          "defaultProps": Object {},
        },
        "TextArea": Object {
          "baseStyle": Object {
            "h": 20,
            "multiline": true,
            "p": "2",
            "textAlignVertical": "top",
            "totalLines": 4,
          },
        },
        "TextField": Object {
          "baseStyle": [Function],
          "defaultProps": Object {
            "component": "input",
          },
        },
        "Toast": Object {
          "baseStyle": [Function],
          "defaultProps": Object {},
        },
        "Tooltip": Object {
          "baseStyle": [Function],
        },
        "TypeAheadSearchItem": Object {
          "baseStyle": [Function],
        },
        "VStack": Object {
          "baseStyle": Object {},
          "defaultProps": Object {},
        },
        "View": Object {
          "baseStyle": Object {},
          "defaultProps": Object {},
        },
        "Wrap": Object {},
        "ZStack": Object {
          "baseStyle": Object {},
          "defaultProps": Object {},
        },
      },
      "config": Object {
        "accessibleColors": false,
        "initialColorMode": "light",
        "useSystemColorMode": false,
      },
      "fontConfig": Object {},
      "fontSizes": Object {
        "2xl": 24,
        "2xs": 10,
        "3xl": 30,
        "4xl": 36,
        "5xl": 48,
        "6xl": 60,
        "7xl": 72,
        "8xl": 96,
        "9xl": 128,
        "lg": 18,
        "md": 16,
        "sm": 14,
        "xl": 20,
        "xs": 12,
      },
      "fontWeights": Object {
        "black": 900,
        "bold": 700,
        "extraBlack": 950,
        "extrabold": 800,
        "hairline": 100,
        "light": 300,
        "medium": 500,
        "normal": 400,
        "semibold": 600,
        "thin": 200,
      },
      "fonts": Object {
        "body": undefined,
        "heading": undefined,
        "mono": undefined,
      },
      "letterSpacings": Object {
        "2xl": "0.1em",
        "lg": "0.025em",
        "md": 0,
        "sm": "-0.025em",
        "xl": "0.05em",
        "xs": "-0.05em",
      },
      "lineHeights": Object {
        "2xl": "2em",
        "2xs": "1em",
        "3xl": "2.5em",
        "4xl": "3em",
        "5xl": "4em",
        "lg": "1.5em",
        "md": "1.375em",
        "sm": "1.25em",
        "xl": "1.75em",
        "xs": "1.125em",
      },
      "opacity": Object {
        "0": 0,
        "10": 0.1,
        "100": 1,
        "20": 0.2,
        "25": 0.25,
        "30": 0.3,
        "40": 0.4,
        "5": 0.05,
        "50": 0.5,
        "60": 0.6,
        "70": 0.7,
        "75": 0.75,
        "80": 0.8,
        "90": 0.9,
        "95": 0.95,
      },
      "radii": Object {
        "2xl": 16,
        "3xl": 24,
        "full": 9999,
        "lg": 8,
        "md": 6,
        "none": 0,
        "sm": 4,
        "xl": 12,
        "xs": 2,
      },
      "shadows": Object {
        "0": Object {
          "elevation": 1,
          "shadowColor": "#000000",
          "shadowOffset": Object {
            "height": 1,
            "width": 0,
          },
          "shadowOpacity": 0.18,
          "shadowRadius": 1,
        },
        "1": Object {
          "elevation": 2,
          "shadowColor": "#000000",
          "shadowOffset": Object {
            "height": 1,
            "width": 0,
          },
          "shadowOpacity": 0.2,
          "shadowRadius": 1.41,
        },
        "2": Object {
          "elevation": 3,
          "shadowColor": "#000000",
          "shadowOffset": Object {
            "height": 1,
            "width": 0,
          },
          "shadowOpacity": 0.22,
          "shadowRadius": 2.22,
        },
        "3": Object {
          "elevation": 4,
          "shadowColor": "#000000",
          "shadowOffset": Object {
            "height": 2,
            "width": 0,
          },
          "shadowOpacity": 0.23,
          "shadowRadius": 2.62,
        },
        "4": Object {
          "elevation": 5,
          "shadowColor": "#000000",
          "shadowOffset": Object {
            "height": 2,
            "width": 0,
          },
          "shadowOpacity": 0.25,
          "shadowRadius": 3.84,
        },
        "5": Object {
          "elevation": 6,
          "shadowColor": "#000000",
          "shadowOffset": Object {
            "height": 3,
            "width": 0,
          },
          "shadowOpacity": 0.27,
          "shadowRadius": 4.65,
        },
        "6": Object {
          "elevation": 7,
          "shadowColor": "#000000",
          "shadowOffset": Object {
            "height": 3,
            "width": 0,
          },
          "shadowOpacity": 0.29,
          "shadowRadius": 4.65,
        },
        "7": Object {
          "elevation": 8,
          "shadowColor": "#000000",
          "shadowOffset": Object {
            "height": 4,
            "width": 0,
          },
          "shadowOpacity": 0.3,
          "shadowRadius": 4.65,
        },
        "8": Object {
          "elevation": 9,
          "shadowColor": "#000000",
          "shadowOffset": Object {
            "height": 4,
            "width": 0,
          },
          "shadowOpacity": 0.32,
          "shadowRadius": 5.46,
        },
        "9": Object {
          "elevation": 10,
          "shadowColor": "#000000",
          "shadowOffset": Object {
            "height": 5,
            "width": 0,
          },
          "shadowOpacity": 0.34,
          "shadowRadius": 6.27,
        },
        "none": Object {
          "elevation": 0,
          "shadowColor": "transparent",
          "shadowOffset": Object {
            "height": 0,
            "width": 0,
          },
          "shadowOpacity": 0,
          "shadowRadius": 0,
        },
      },
      "sizes": Object {
        "0": 0,
        "0.5": 2,
        "1": 4,
        "1.5": 6,
        "1/2": "50%",
        "1/3": "33.333%",
        "1/4": "25%",
        "1/5": "20%",
        "1/6": "16.666%",
        "10": 40,
        "12": 48,
        "16": 64,
        "2": 8,
        "2.5": 10,
        "2/3": "66.666%",
        "2/4": "50%",
        "2/5": "40%",
        "2/6": "33.333%",
        "20": 80,
        "24": 96,
        "2xl": 672,
        "2xs": 256,
        "3": 12,
        "3.5": 14,
        "3/4": "75%",
        "3/5": "60%",
        "3/6": "50%",
        "32": 128,
        "3xs": 224,
        "4": 16,
        "4/5": "80%",
        "4/6": "66.666%",
        "40": 160,
        "48": 192,
        "5": 20,
        "5/6": "83.333%",
        "56": 224,
        "6": 24,
        "64": 256,
        "7": 28,
        "72": 288,
        "8": 32,
        "80": 320,
        "9": 36,
        "96": 384,
        "container": Object {
          "lg": 1024,
          "md": 768,
          "sm": 640,
          "xl": 1280,
        },
        "full": "100%",
        "lg": 512,
        "md": 448,
        "px": "1px",
        "sm": 384,
        "xl": 576,
        "xs": 320,
      },
      "space": Object {
        "0": 0,
        "0.5": 2,
        "1": 4,
        "1.5": 6,
        "1/2": "50%",
        "1/3": "33.333%",
        "1/4": "25%",
        "1/5": "20%",
        "1/6": "16.666%",
        "10": 40,
        "12": 48,
        "16": 64,
        "2": 8,
        "2.5": 10,
        "2/3": "66.666%",
        "2/4": "50%",
        "2/5": "40%",
        "2/6": "33.333%",
        "20": 80,
        "24": 96,
        "3": 12,
        "3.5": 14,
        "3/4": "75%",
        "3/5": "60%",
        "3/6": "50%",
        "32": 128,
        "4": 16,
        "4/5": "80%",
        "4/6": "66.666%",
        "40": 160,
        "48": 192,
        "5": 20,
        "5/6": "83.333%",
        "56": 224,
        "6": 24,
        "64": 256,
        "7": 28,
        "72": 288,
        "8": 32,
        "80": 320,
        "9": 36,
        "96": 384,
        "full": "100%",
        "px": "1px",
      },
    }
  }
>
  <SafeAreaProvider
    initialMetrics={null}
  >
    <ResponsiveQueryProvider
      disableCSSMediaQueries={true}
    >
      <HybridProvider
        options={
          Object {
            "accessibleColors": false,
            "initialColorMode": "light",
            "useSystemColorMode": false,
          }
        }
      >
        <PortalProvider>
          <ToastProvider>
            <InitializeToastRef />
            <SSRProvider>
              <MockedProvider
                addTypename={true}
                mocks={Array []}
              >
                <ImportDataScreen
                  navigation={
                    Object {
                      "navigate": [MockFunction],
                    }
                  }
                />
              </MockedProvider>
            </SSRProvider>
          </ToastProvider>
        </PortalProvider>
      </HybridProvider>
    </ResponsiveQueryProvider>
  </SafeAreaProvider>
</NativeBaseConfigProviderProvider>
`;
