// Jest Snapshot v1, https://goo.gl/fbAQLP

exports[`renders correctly 1`] = `
<View
  style={
    Object {
      "backgroundColor": "#fff",
      "flex": 1,
      "paddingHorizontal": 20,
      "paddingVertical": 50,
    }
  }
>
  <View
    style={
      Object {
        "alignItems": "center",
        "flexDirection": "row",
        "justifyContent": "space-between",
        "marginBottom": 35,
        "marginTop": 25,
      }
    }
  >
    <View
      style={
        Object {
          "position": "relative",
        }
      }
    >
      <View
        style={
          Array [
            Object {
              "borderRadius": 10,
              "height": 30,
              "marginTop": 10,
              "width": 30,
            },
            Object {
              "backgroundColor": "#E1E9EE",
              "overflow": "hidden",
            },
          ]
        }
      >
        <View
          style={
            Object {
              "bottom": 0,
              "left": 0,
              "position": "absolute",
              "right": 0,
              "top": 0,
              "transform": Array [
                Object {
                  "translateX": -350,
                },
              ],
            }
          }
        >
          <BVLinearGradient
            colors={
              Array [
                4292995566,
                4294113532,
                4292995566,
              ]
            }
            endPoint={
              Object {
                "x": 1,
                "y": 0,
              }
            }
            locations={null}
            startPoint={
              Object {
                "x": 0,
                "y": 0,
              }
            }
            style={
              Object {
                "flex": 1,
              }
            }
          />
        </View>
      </View>
    </View>
    <View
      style={
        Object {
          "position": "relative",
        }
      }
    >
      <View
        style={
          Array [
            Object {
              "borderRadius": 10,
              "height": 20,
              "marginTop": 10,
              "width": 100,
            },
            Object {
              "backgroundColor": "#E1E9EE",
              "overflow": "hidden",
            },
          ]
        }
      >
        <View
          style={
            Object {
              "bottom": 0,
              "left": 0,
              "position": "absolute",
              "right": 0,
              "top": 0,
              "transform": Array [
                Object {
                  "translateX": -350,
                },
              ],
            }
          }
        >
          <BVLinearGradient
            colors={
              Array [
                4292995566,
                4294113532,
                4292995566,
              ]
            }
            endPoint={
              Object {
                "x": 1,
                "y": 0,
              }
            }
            locations={null}
            startPoint={
              Object {
                "x": 0,
                "y": 0,
              }
            }
            style={
              Object {
                "flex": 1,
              }
            }
          />
        </View>
      </View>
    </View>
    <View
      style={
        Object {
          "position": "relative",
        }
      }
    >
      <View
        style={
          Array [
            Object {
              "borderRadius": 10,
              "height": 20,
              "marginTop": 10,
              "width": 70,
            },
            Object {
              "backgroundColor": "#E1E9EE",
              "overflow": "hidden",
            },
          ]
        }
      >
        <View
          style={
            Object {
              "bottom": 0,
              "left": 0,
              "position": "absolute",
              "right": 0,
              "top": 0,
              "transform": Array [
                Object {
                  "translateX": -350,
                },
              ],
            }
          }
        >
          <BVLinearGradient
            colors={
              Array [
                4292995566,
                4294113532,
                4292995566,
              ]
            }
            endPoint={
              Object {
                "x": 1,
                "y": 0,
              }
            }
            locations={null}
            startPoint={
              Object {
                "x": 0,
                "y": 0,
              }
            }
            style={
              Object {
                "flex": 1,
              }
            }
          />
        </View>
      </View>
    </View>
  </View>
  <View
    style={
      Object {
        "flex": 1,
        "justifyContent": "space-between",
      }
    }
  >
    <View>
      <View
        style={
          Object {
            "position": "relative",
          }
        }
      >
        <View
          style={
            Array [
              Object {
                "borderRadius": 10,
                "height": 40,
                "marginTop": 10,
                "width": "100%",
              },
              Object {
                "backgroundColor": "#E1E9EE",
                "overflow": "hidden",
              },
            ]
          }
        >
          <View
            style={
              Object {
                "bottom": 0,
                "left": 0,
                "position": "absolute",
                "right": 0,
                "top": 0,
                "transform": Array [
                  Object {
                    "translateX": -350,
                  },
                ],
              }
            }
          >
            <BVLinearGradient
              colors={
                Array [
                  4292995566,
                  4294113532,
                  4292995566,
                ]
              }
              endPoint={
                Object {
                  "x": 1,
                  "y": 0,
                }
              }
              locations={null}
              startPoint={
                Object {
                  "x": 0,
                  "y": 0,
                }
              }
              style={
                Object {
                  "flex": 1,
                }
              }
            />
          </View>
        </View>
      </View>
      <View
        style={
          Object {
            "position": "relative",
          }
        }
      >
        <View
          style={
            Array [
              Object {
                "borderRadius": 10,
                "height": 40,
                "marginTop": 6,
                "width": "80%",
              },
              Object {
                "backgroundColor": "#E1E9EE",
                "overflow": "hidden",
              },
            ]
          }
        >
          <View
            style={
              Object {
                "bottom": 0,
                "left": 0,
                "position": "absolute",
                "right": 0,
                "top": 0,
                "transform": Array [
                  Object {
                    "translateX": -350,
                  },
                ],
              }
            }
          >
            <BVLinearGradient
              colors={
                Array [
                  4292995566,
                  4294113532,
                  4292995566,
                ]
              }
              endPoint={
                Object {
                  "x": 1,
                  "y": 0,
                }
              }
              locations={null}
              startPoint={
                Object {
                  "x": 0,
                  "y": 0,
                }
              }
              style={
                Object {
                  "flex": 1,
                }
              }
            />
          </View>
        </View>
      </View>
    </View>
    <View>
      <View
        style={
          Object {
            "position": "relative",
          }
        }
      >
        <View
          style={
            Array [
              Object {
                "borderRadius": 5,
                "height": 50,
                "marginTop": 6,
                "width": "100%",
              },
              Object {
                "backgroundColor": "#E1E9EE",
                "overflow": "hidden",
              },
            ]
          }
        >
          <View
            style={
              Object {
                "bottom": 0,
                "left": 0,
                "position": "absolute",
                "right": 0,
                "top": 0,
                "transform": Array [
                  Object {
                    "translateX": -350,
                  },
                ],
              }
            }
          >
            <BVLinearGradient
              colors={
                Array [
                  4292995566,
                  4294113532,
                  4292995566,
                ]
              }
              endPoint={
                Object {
                  "x": 1,
                  "y": 0,
                }
              }
              locations={null}
              startPoint={
                Object {
                  "x": 0,
                  "y": 0,
                }
              }
              style={
                Object {
                  "flex": 1,
                }
              }
            />
          </View>
        </View>
      </View>
      <View
        style={
          Object {
            "position": "relative",
          }
        }
      >
        <View
          style={
            Array [
              Object {
                "borderRadius": 5,
                "height": 50,
                "marginTop": 6,
                "width": "100%",
              },
              Object {
                "backgroundColor": "#E1E9EE",
                "overflow": "hidden",
              },
            ]
          }
        >
          <View
            style={
              Object {
                "bottom": 0,
                "left": 0,
                "position": "absolute",
                "right": 0,
                "top": 0,
                "transform": Array [
                  Object {
                    "translateX": -350,
                  },
                ],
              }
            }
          >
            <BVLinearGradient
              colors={
                Array [
                  4292995566,
                  4294113532,
                  4292995566,
                ]
              }
              endPoint={
                Object {
                  "x": 1,
                  "y": 0,
                }
              }
              locations={null}
              startPoint={
                Object {
                  "x": 0,
                  "y": 0,
                }
              }
              style={
                Object {
                  "flex": 1,
                }
              }
            />
          </View>
        </View>
      </View>
    </View>
    <View>
      <View
        style={
          Object {
            "position": "relative",
          }
        }
      >
        <View
          style={
            Array [
              Object {
                "alignSelf": "flex-end",
                "borderRadius": 6,
                "height": 25,
                "marginTop": 6,
                "width": 100,
              },
              Object {
                "backgroundColor": "#E1E9EE",
                "overflow": "hidden",
              },
            ]
          }
        >
          <View
            style={
              Object {
                "bottom": 0,
                "left": 0,
                "position": "absolute",
                "right": 0,
                "top": 0,
                "transform": Array [
                  Object {
                    "translateX": -350,
                  },
                ],
              }
            }
          >
            <BVLinearGradient
              colors={
                Array [
                  4292995566,
                  4294113532,
                  4292995566,
                ]
              }
              endPoint={
                Object {
                  "x": 1,
                  "y": 0,
                }
              }
              locations={null}
              startPoint={
                Object {
                  "x": 0,
                  "y": 0,
                }
              }
              style={
                Object {
                  "flex": 1,
                }
              }
            />
          </View>
        </View>
      </View>
    </View>
  </View>
</View>
`;
